 last_name 
-----------
 CHAPLIN
 JOLIE
 OLIVIER
 WILLIAMS
 WILLIS
(5 rows)

