 total_g_rated_films 
---------------------
                 178
(1 row)

